// Jest Snapshot v1, https://goo.gl/fbAQLP

exports[`Index renders to match snapshot 1`] = `
<form action="">
  <v-card-stub loaderheight="4" tag="div">
    <v-app-bar-stub color="primary" dark="true" tag="header" tile="true" extensionheight="48" flat="true" src="" value="true">
      <v-toolbar-title-stub>Login</v-toolbar-title-stub>
    </v-app-bar-stub>
    <v-card-text-stub>
      <v-row-stub tag="div" class="flex-wrap">
        <v-col-stub cols="12" tag="div">
          <div></div>
        </v-col-stub>
      </v-row-stub>
      <v-row-stub tag="div" class="flex-wrap">
        <v-col-stub cols="12" tag="div">
          <div></div>
        </v-col-stub>
      </v-row-stub>
    </v-card-text-stub>
    <v-divider-stub></v-divider-stub>
    <v-card-actions-stub>
      <v-spacer-stub></v-spacer-stub>
      <v-btn-stub color="accent" tag="button" activeclass="" type="submit">
        Login
      </v-btn-stub>
    </v-card-actions-stub>
  </v-card-stub>
  <app-notification-stub></app-notification-stub>
</form>
`;
